OnlineShopping{
session=Session{
contents=
LOCATION_SERVICE=LocationService
DELIVERY_INFO=DeliveryInformation{type='SHIPPING', deliveryAddress='null', pickupLocation=null, weight=300}
STORE=null
CART=Cart{items=[Item{name='Cherry Bloom', type='LIPSTICK', weight=30}, Item{name='Rose Petal', type='LIPSTICK', weight=30}, Item{name='Blusher Brush', type='TOOL', weight=50}, Item{name='Eyelash curler', type='TOOL', weight=100}, StoreEvent{name='Eyeshadow Masterclass', location=Store{name='Nordstan'droneDelivery=false}}, StoreEvent{name='Makeover', location=Store{name='Nordstan'droneDelivery=false}}, StoreEvent{name='Makeover', location=Store{name='Backaplan'droneDelivery=false}}]unavailable=[StoreEvent{name='Eyeshadow Masterclass', location=Store{name='Nordstan'droneDelivery=false}}, StoreEvent{name='Makeover', location=Store{name='Nordstan'droneDelivery=false}}, StoreEvent{name='Makeover', location=Store{name='Backaplan'droneDelivery=false}}]}

}
}