OnlineShopping{
session=Session{
contents=
STORE=null

}
}